MO ClockDivider NULL ClockDivider.v vlg2B/_clock_divider.bin 1474958225
MO DoubleSevenSegment NULL DoubleSevenSegment.v vlg7F/_double_seven_segment.bin 1474958225
MO Registers NULL Registers.v vlg20/_registers.bin 1474958225
MO ALUTest NULL ALUTest.v vlg1E/_a_l_u_test.bin 1474744452
MO Binary_BCD NULL Binary_BCD.v vlg7D/_binary___b_c_d.bin 1474958225
MO HighLevel NULL HighLevel.v vlg2C/_high_level.bin 1474958225
MO decoder4_16 NULL decoder4_16.v vlg38/decoder4__16.bin 1474958225
MO InstructionMemory NULL InstructionMemory.v vlg63/_instruction_memory.bin 1474958225
MO PC NULL PC.v vlg53/_p_c.bin 1474958225
MO sevensegment NULL sevensegment.v vlg48/sevensegment.bin 1474958225
MO ControlLogic NULL ControlLogic.v vlg33/_control_logic.bin 1474958225
MO decoder3_8 NULL decoder3_8.v vlg08/decoder3__8.bin 1474958225
MO JumpLogic NULL JumpLogic.v vlg5E/_jump_logic.bin 1474958225
MO mux NULL mux.v vlg66/mux.bin 1474958225
MO ALU NULL ALU.v vlg2A/_a_l_u.bin 1474958225
MO mux_array NULL mux_array.v vlg3C/mux__array.bin 1474958225
MO ProgramMemory NULL ProgramMemory.v vlg31/_program_memory.bin 1474958225
